#-----------------------------------------------------------
# Vivado v2017.4 (64-bit)
# SW Build 2086221 on Fri Dec 15 20:55:39 MST 2017
# IP Build 2085800 on Fri Dec 15 22:25:07 MST 2017
# Start of session at: Tue Jun  1 11:15:31 2021
# Process ID: 1840
# Current directory: C:/Computer_Organization/real_lab5/05_04/pipeline_stall/IP/VGA
# Command line: vivado.exe -gui_launcher_event rodinguilauncherevent3652 C:\Computer_Organization\real_lab5\05_04\pipeline_stall\IP\VGA\VGA.xpr
# Log file: C:/Computer_Organization/real_lab5/05_04/pipeline_stall/IP/VGA/vivado.log
# Journal file: C:/Computer_Organization/real_lab5/05_04/pipeline_stall/IP/VGA\vivado.jou
#-----------------------------------------------------------
start_gui
open_project C:/Computer_Organization/real_lab5/05_04/pipeline_stall/IP/VGA/VGA.xpr
update_compile_order -fileset sources_1
ipx::package_project -root_dir c:/computer_organization/real_lab5/05_04/pipeline_stall/ip/vga/vga.srcs/sources_1 -vendor xilinx.com -library user -taxonomy /UserIP -force
